[21:07:28] [ServerMain/INFO]: [bootstrap] Running Java 21 (Java HotSpot(TM) 64-Bit Server VM 21.0.2+13-LTS-58; Oracle Corporation null) on Windows 11 10.0 (amd64)
[21:07:28] [ServerMain/INFO]: [bootstrap] Loading Paper 1.21.8-60-main@29c8822 (2025-09-06T21:49:13Z) for Minecraft 1.21.8
[21:07:29] [ServerMain/INFO]: [PluginInitializerManager] Initializing plugins...
[21:07:29] [ServerMain/INFO]: [PluginInitializerManager] Initialized 0 plugins
[21:07:33] [ServerMain/INFO]: Environment: Environment[sessionHost=https://sessionserver.mojang.com, servicesHost=https://api.minecraftservices.com, name=PROD]
[21:07:33] [ServerMain/INFO]: Found new data pack file/bukkit, loading it automatically
[21:07:33] [ServerMain/INFO]: Found new data pack paper, loading it automatically
[21:07:34] [ServerMain/INFO]: No existing world data, creating new world
[21:07:34] [ServerMain/INFO]: Loaded 1407 recipes
[21:07:34] [ServerMain/INFO]: Loaded 1520 advancements
[21:07:34] [ServerMain/INFO]: [ca.spottedleaf.dataconverter.minecraft.datatypes.MCTypeRegistry] Initialising converters for DataConverter...
[21:07:35] [ServerMain/INFO]: [ca.spottedleaf.dataconverter.minecraft.datatypes.MCTypeRegistry] Finished initialising converters for DataConverter in 256.1ms
[21:07:35] [Server thread/INFO]: Starting minecraft server version 1.21.8
[21:07:35] [Server thread/INFO]: Loading properties
[21:07:35] [Server thread/INFO]: This server is running Paper version 1.21.8-60-main@29c8822 (2025-09-06T21:49:13Z) (Implementing API version 1.21.8-R0.1-SNAPSHOT)
[21:07:35] [Server thread/INFO]: [spark] This server bundles the spark profiler. For more information please visit https://docs.papermc.io/paper/profiling
[21:07:35] [Server thread/INFO]: Server Ping Player Sample Count: 12
[21:07:36] [Server thread/INFO]: Using 4 threads for Netty based IO
[21:07:36] [Server thread/INFO]: [MoonriseCommon] Paper is using 3 worker threads, 1 I/O threads
[21:07:36] [Server thread/INFO]: [ChunkTaskScheduler] Chunk system is using population gen parallelism: true
[21:07:36] [Server console handler/ERROR]: [TerminalConsole] Failed to read console input
java.io.IOException: 핸들이 잘못되었습니다
	at java.base/java.io.FileInputStream.readBytes(Native Method) ~[?:?]
	at java.base/java.io.FileInputStream.read(FileInputStream.java:287) ~[?:?]
	at java.base/java.io.BufferedInputStream.read1(BufferedInputStream.java:345) ~[?:?]
	at java.base/java.io.BufferedInputStream.implRead(BufferedInputStream.java:420) ~[?:?]
	at java.base/java.io.BufferedInputStream.read(BufferedInputStream.java:399) ~[?:?]
	at java.base/sun.nio.cs.StreamDecoder.readBytes(StreamDecoder.java:329) ~[?:?]
	at java.base/sun.nio.cs.StreamDecoder.implRead(StreamDecoder.java:372) ~[?:?]
	at java.base/sun.nio.cs.StreamDecoder.lockedRead(StreamDecoder.java:215) ~[?:?]
	at java.base/sun.nio.cs.StreamDecoder.read(StreamDecoder.java:169) ~[?:?]
	at java.base/java.io.InputStreamReader.read(InputStreamReader.java:188) ~[?:?]
	at java.base/java.io.BufferedReader.fill(BufferedReader.java:160) ~[?:?]
	at java.base/java.io.BufferedReader.implReadLine(BufferedReader.java:370) ~[?:?]
	at java.base/java.io.BufferedReader.readLine(BufferedReader.java:347) ~[?:?]
	at java.base/java.io.BufferedReader.readLine(BufferedReader.java:436) ~[?:?]
	at net.minecrell.terminalconsole.SimpleTerminalConsole.readCommands(SimpleTerminalConsole.java:180) ~[terminalconsoleappender-1.3.0.jar:?]
	at net.minecrell.terminalconsole.SimpleTerminalConsole.start(SimpleTerminalConsole.java:143) ~[terminalconsoleappender-1.3.0.jar:?]
	at net.minecraft.server.dedicated.DedicatedServer$1.run(DedicatedServer.java:108) ~[paper-1.21.8.jar:1.21.8-60-29c8822]
	Suppressed: java.io.IOException: 핸들이 잘못되었습니다
		at java.base/java.io.FileDescriptor.close0(Native Method) ~[?:?]
		at java.base/java.io.FileDescriptor.close(FileDescriptor.java:304) ~[?:?]
		at java.base/java.io.FileInputStream$1.close(FileInputStream.java:526) ~[?:?]
		at java.base/java.io.FileDescriptor.closeAll(FileDescriptor.java:362) ~[?:?]
		at java.base/java.io.FileInputStream.close(FileInputStream.java:524) ~[?:?]
		at java.base/java.io.BufferedInputStream.close(BufferedInputStream.java:618) ~[?:?]
		at java.base/sun.nio.cs.StreamDecoder.implClose(StreamDecoder.java:424) ~[?:?]
		at java.base/sun.nio.cs.StreamDecoder.lockedClose(StreamDecoder.java:264) ~[?:?]
		at java.base/sun.nio.cs.StreamDecoder.close(StreamDecoder.java:249) ~[?:?]
		at java.base/java.io.InputStreamReader.close(InputStreamReader.java:203) ~[?:?]
		at java.base/java.io.BufferedReader.implClose(BufferedReader.java:636) ~[?:?]
		at java.base/java.io.BufferedReader.close(BufferedReader.java:621) ~[?:?]
		at net.minecrell.terminalconsole.SimpleTerminalConsole.readCommands(SimpleTerminalConsole.java:183) ~[terminalconsoleappender-1.3.0.jar:?]
		at net.minecrell.terminalconsole.SimpleTerminalConsole.start(SimpleTerminalConsole.java:143) ~[terminalconsoleappender-1.3.0.jar:?]
		at net.minecraft.server.dedicated.DedicatedServer$1.run(DedicatedServer.java:108) ~[paper-1.21.8.jar:1.21.8-60-29c8822]
[21:07:36] [Server thread/INFO]: Default game type: SURVIVAL
[21:07:36] [Server thread/INFO]: Generating keypair
[21:07:36] [Server thread/INFO]: Starting Minecraft server on *:25565
[21:07:36] [Server thread/INFO]: Using default channel type
[21:07:36] [Server thread/INFO]: Paper: Using Java compression from Velocity.
[21:07:36] [Server thread/INFO]: Paper: Using Java cipher from Velocity.
[21:07:36] [Server thread/INFO]: Preparing level "world"
[21:07:41] [Server thread/INFO]: Preparing start region for dimension minecraft:overworld
[21:07:41] [Server thread/INFO]: Preparing spawn area: 0%
[21:07:41] [Server thread/INFO]: Preparing spawn area: 2%
[21:07:42] [Server thread/INFO]: Preparing spawn area: 34%
[21:07:42] [Server thread/INFO]: Preparing spawn area: 55%
[21:07:42] [Server thread/INFO]: Time elapsed: 1591 ms
[21:07:42] [Server thread/INFO]: Preparing start region for dimension minecraft:the_nether
[21:07:42] [Server thread/INFO]: Preparing spawn area: 2%
[21:07:43] [Server thread/INFO]: Time elapsed: 495 ms
[21:07:43] [Server thread/INFO]: Preparing start region for dimension minecraft:the_end
[21:07:43] [Server thread/INFO]: Preparing spawn area: 2%
[21:07:43] [Server thread/INFO]: Time elapsed: 163 ms
[21:07:43] [Server thread/INFO]: [spark] Starting background profiler...
[21:07:43] [Server thread/INFO]: [spark] The async-profiler engine is not supported for your os/arch (windows11/amd64), so the built-in Java engine will be used instead.
[21:07:43] [Server thread/INFO]: Done preparing level "world" (6.555s)
[21:07:43] [Server thread/INFO]: Running delayed init tasks
[21:07:43] [Server thread/INFO]: Done (15.306s)! For help, type "help"
[21:07:43] [Server thread/INFO]: *************************************************************************************
[21:07:43] [Server thread/INFO]: This is the first time you're starting this server.
[21:07:43] [Server thread/INFO]: It's recommended you read our 'Getting Started' documentation for guidance.
[21:07:43] [Server thread/INFO]: View this and more helpful information here: https://docs.papermc.io/paper/next-steps
[21:07:43] [Server thread/INFO]: *************************************************************************************
[21:10:09] [Server thread/INFO]: Stopping server
[21:10:09] [Server thread/INFO]: Saving players
[21:10:10] [Server thread/INFO]: Saving worlds
[21:10:10] [Server thread/INFO]: Saving chunks for level 'ServerLevel[world]'/minecraft:overworld
[21:10:10] [Server thread/INFO]: [ChunkHolderManager] Waiting 60s for chunk system to halt for world 'world'
[21:10:10] [Server thread/INFO]: [ChunkHolderManager] Halted chunk system for world 'world'
[21:10:10] [Server thread/INFO]: [ChunkHolderManager] Saving all chunkholders for world 'world'
[21:10:10] [Server thread/INFO]: [ChunkHolderManager] Saved 841 block chunks, 49 entity chunks, 2 poi chunks in world 'world' in 0.39s
[21:10:10] [Server thread/INFO]: [ChunkHolderManager] Waiting 60s for chunk I/O to halt for world 'world'
[21:10:10] [Server thread/INFO]: [ChunkHolderManager] Halted I/O scheduler for world 'world'
[21:10:10] [Server thread/INFO]: Saving chunks for level 'ServerLevel[world_nether]'/minecraft:the_nether
[21:10:10] [Server thread/INFO]: [ChunkHolderManager] Waiting 60s for chunk system to halt for world 'world_nether'
[21:10:10] [Server thread/INFO]: [ChunkHolderManager] Halted chunk system for world 'world_nether'
[21:10:10] [Server thread/INFO]: [ChunkHolderManager] Saving all chunkholders for world 'world_nether'
[21:10:10] [Server thread/INFO]: [ChunkHolderManager] Saved 841 block chunks, 49 entity chunks, 0 poi chunks in world 'world_nether' in 0.14s
[21:10:10] [Server thread/INFO]: [ChunkHolderManager] Waiting 60s for chunk I/O to halt for world 'world_nether'
[21:10:10] [Server thread/INFO]: [ChunkHolderManager] Halted I/O scheduler for world 'world_nether'
[21:10:10] [Server thread/INFO]: Saving chunks for level 'ServerLevel[world_the_end]'/minecraft:the_end
[21:10:10] [Server thread/INFO]: [ChunkHolderManager] Waiting 60s for chunk system to halt for world 'world_the_end'
[21:10:10] [Server thread/INFO]: [ChunkHolderManager] Halted chunk system for world 'world_the_end'
[21:10:10] [Server thread/INFO]: [ChunkHolderManager] Saving all chunkholders for world 'world_the_end'
[21:10:10] [Server thread/INFO]: [ChunkHolderManager] Saved 841 block chunks, 49 entity chunks, 0 poi chunks in world 'world_the_end' in 0.10s
[21:10:10] [Server thread/INFO]: [ChunkHolderManager] Waiting 60s for chunk I/O to halt for world 'world_the_end'
[21:10:10] [Server thread/INFO]: [ChunkHolderManager] Halted I/O scheduler for world 'world_the_end'
[21:10:10] [Server thread/INFO]: ThreadedAnvilChunkStorage (world): All chunks are saved
[21:10:10] [Server thread/INFO]: ThreadedAnvilChunkStorage (DIM-1): All chunks are saved
[21:10:10] [Server thread/INFO]: ThreadedAnvilChunkStorage (DIM1): All chunks are saved
[21:10:10] [Server thread/INFO]: ThreadedAnvilChunkStorage: All dimensions are saved
[21:10:10] [Server thread/INFO]: Waiting for all RegionFile I/O tasks to complete...
[21:10:10] [Server thread/INFO]: All RegionFile I/O tasks to complete
[21:10:10] [Server thread/INFO]: [MoonriseCommon] Awaiting termination of worker pool for up to 60s...
[21:10:10] [Server thread/INFO]: [MoonriseCommon] Awaiting termination of I/O pool for up to 60s...
